Başlangıç logu Mon, Jun  9, 2025 12:54:28 AM
Deneme logu Mon, Jun  9, 2025  2:56:43 PM
Test logu Mon, Jun  9, 2025  3:23:06 PM
