Test logu Mon Jun  9 13:22:57 UTC 2025
Test logu Mon Jun  9 13:22:57 UTC 2025
